Assignment 1
Enter password: ****
Welcome to the MySQL monitor.  Commands end with ; or \g.
Your MySQL connection id is 5
Server version: 5.1.38-community MySQL Community Server (GPL)

Type 'help;' or '\h' for help. Type '\c' to clear the current input statement.

mysql> show databases
    -> ;
+--------------------+
| Database           |
+--------------------+
| information_schema |
| adv                |
| adventure          |
| adventureworks     |
| adventureworksnew  |
| app                |
| app2               |
| assignment1        |
| bhavya             |
| bookworm           |
| bookwormpro        |
| datamydatabase     |
| dear               |
| dept               |
| emp                |
| employee           |
| emplyee            |
| empolyee           |
| empp               |
| exam               |
| gain               |
| god                |
| group7             |
| hmm                |
| hobman             |
| hotelmanagement    |
| join_1             |
| my                 |
| mydata             |
| mydatadatabase     |
| mydb               |
| myinfo             |
| mysql              |
| myusers            |
| newopen            |
| pooja              |
| prime              |
| primenumber        |
| pro                |
| project            |
| rohit              |
| sandy              |
| suraj              |
| test               |
| test1              |
| usha               |
| vijay              |
| vivan              |
+--------------------+
48 rows in set (0.03 sec)

mysql> use adv
Database changed
mysql> use adv;
Database changed
mysql> show tables;
+---------------+
| Tables_in_adv |
+---------------+
| test          |
| test2         |
| test3         |
+---------------+
3 rows in set (0.03 sec)

mysql> select * from test;
+------+--------+--------+
| A_ID | NAME   | COLOR  |
+------+--------+--------+
|    1 | RAHUL1 | RED    |
|    2 | RAHUL2 | YELLOW |
|    3 | RAHUL3 | GREEN  |
+------+--------+--------+
3 rows in set (0.00 sec)

mysql> select * from test1;
ERROR 1146 (42S02): Table 'adv.test1' doesn't exist
mysql> select * from test2;
Empty set (0.00 sec)

mysql> select * from test3;
Empty set (0.00 sec)

mysql> CREATE TABLE TEST1 (SELECT * FROM TEST);
Query OK, 3 rows affected (0.12 sec)
Records: 3  Duplicates: 0  Warnings: 0

mysql> SELECT * FROM TEST1;
+------+--------+--------+
| A_ID | NAME   | COLOR  |
+------+--------+--------+
|    1 | RAHUL1 | RED    |
|    2 | RAHUL2 | YELLOW |
|    3 | RAHUL3 | GREEN  |
+------+--------+--------+
3 rows in set (0.00 sec)

mysql> UPDATE TEST1 SET COLOR = 'BLUE' WHERE A_ID = 2;
Query OK, 1 row affected (0.05 sec)
Rows matched: 1  Changed: 1  Warnings: 0

mysql> SELECT * FROM TEST1;
+------+--------+-------+
| A_ID | NAME   | COLOR |
+------+--------+-------+
|    1 | RAHUL1 | RED   |
|    2 | RAHUL2 | BLUE  |
|    3 | RAHUL3 | GREEN |
+------+--------+-------+
3 rows in set (0.00 sec)

mysql> DELETE FROM TEST1 WHERE A_ID = 2;
Query OK, 1 row affected (0.02 sec)

mysql> SELECT * FROM TEST1;
+------+--------+-------+
| A_ID | NAME   | COLOR |
+------+--------+-------+
|    1 | RAHUL1 | RED   |
|    3 | RAHUL3 | GREEN |
+------+--------+-------+
2 rows in set (0.00 sec)

mysql> TRUNCATE TEST1;
Query OK, 0 rows affected (0.07 sec)

mysql> DESC TEST1;
+-------+-------------+------+-----+---------+-------+
| Field | Type        | Null | Key | Default | Extra |
+-------+-------------+------+-----+---------+-------+
| A_ID  | int(11)     | NO   |     | NULL    |       |
| NAME  | varchar(20) | YES  |     | NULL    |       |
| COLOR | varchar(20) | YES  |     | NULL    |       |
+-------+-------------+------+-----+---------+-------+
3 rows in set (0.02 sec)

mysql> SELECT * FROM TEST1;
Empty set (0.00 sec)

mysql> CREATE TABLE TEST4 (SELECT * FROM TEST);
Query OK, 3 rows affected (0.12 sec)
Records: 3  Duplicates: 0  Warnings: 0

mysql> SELECT * FROM TEST4;
+------+--------+--------+
| A_ID | NAME   | COLOR  |
+------+--------+--------+
|    1 | RAHUL1 | RED    |
|    2 | RAHUL2 | YELLOW |
|    3 | RAHUL3 | GREEN  |
+------+--------+--------+
3 rows in set (0.00 sec)

mysql> DROP TABLE TEST4;
Query OK, 0 rows affected (0.05 sec)

mysql> CREATE TABLE TEST4 (SELECT * FROM TEST);
Query OK, 3 rows affected (0.10 sec)
Records: 3  Duplicates: 0  Warnings: 0

mysql> SELECT * FROM TEST4;
+------+--------+--------+
| A_ID | NAME   | COLOR  |
+------+--------+--------+
|    1 | RAHUL1 | RED    |
|    2 | RAHUL2 | YELLOW |
|    3 | RAHUL3 | GREEN  |
+------+--------+--------+
3 rows in set (0.00 sec)

mysql> DELETE FROM TEST4;\
Query OK, 3 rows affected (0.04 sec)

mysql> DESC TEST4;
+-------+-------------+------+-----+---------+-------+
| Field | Type        | Null | Key | Default | Extra |
+-------+-------------+------+-----+---------+-------+
| A_ID  | int(11)     | NO   |     | NULL    |       |
| NAME  | varchar(20) | YES  |     | NULL    |       |
| COLOR | varchar(20) | YES  |     | NULL    |       |
+-------+-------------+------+-----+---------+-------+
3 rows in set (0.00 sec)

mysql> SELECT * FROM TEST4;
Empty set (0.00 sec)
